Archive member included to satisfy reference by file (symbol)

c:/program files (x86)/atmel/studio/7.0/toolchain/avr8/avr8-gnu-toolchain/bin/../lib/gcc/avr/5.4.0/avr5\libgcc.a(_exit.o)
                              C:/Program Files (x86)/Atmel/Studio/7.0/Packs/atmel/ATmega_DFP/1.7.374/gcc/dev/atmega32a/avr5/crtatmega32a.o (exit)
c:/program files (x86)/atmel/studio/7.0/toolchain/avr8/avr8-gnu-toolchain/bin/../lib/gcc/avr/5.4.0/avr5\libgcc.a(_clear_bss.o)
                              APP/APP.o (__do_clear_bss)

Allocating common symbols
Common symbol       size              file

ovf                 0x1               MCAL/TIMERS/timer.o

Discarded input sections

 .data          0x00000000        0x0 C:/Program Files (x86)/Atmel/Studio/7.0/Packs/atmel/ATmega_DFP/1.7.374/gcc/dev/atmega32a/avr5/crtatmega32a.o
 .bss           0x00000000        0x0 C:/Program Files (x86)/Atmel/Studio/7.0/Packs/atmel/ATmega_DFP/1.7.374/gcc/dev/atmega32a/avr5/crtatmega32a.o
 .text          0x00000000        0x0 APP/APP.o
 .data          0x00000000        0x0 APP/APP.o
 .bss           0x00000000        0x0 APP/APP.o
 .text          0x00000000        0x0 HAL/BUTTON/BUTTON.o
 .data          0x00000000        0x0 HAL/BUTTON/BUTTON.o
 .bss           0x00000000        0x0 HAL/BUTTON/BUTTON.o
 .text.BUTTON_read
                0x00000000        0x8 HAL/BUTTON/BUTTON.o
 .text          0x00000000        0x0 HAL/LED/led.o
 .data          0x00000000        0x0 HAL/LED/led.o
 .bss           0x00000000        0x0 HAL/LED/led.o
 .text          0x00000000        0x0 main.o
 .data          0x00000000        0x0 main.o
 .bss           0x00000000        0x0 main.o
 .text          0x00000000        0x0 MCAL/DIO/dio.o
 .data          0x00000000        0x0 MCAL/DIO/dio.o
 .bss           0x00000000        0x0 MCAL/DIO/dio.o
 .text.DIO_read
                0x00000000       0xca MCAL/DIO/dio.o
 .text          0x00000000        0x0 MCAL/INTERRUPTS/interrupt.o
 .data          0x00000000        0x0 MCAL/INTERRUPTS/interrupt.o
 .bss           0x00000000        0x0 MCAL/INTERRUPTS/interrupt.o
 .text          0x00000000        0x0 MCAL/TIMERS/timer.o
 .data          0x00000000        0x0 MCAL/TIMERS/timer.o
 .bss           0x00000000        0x0 MCAL/TIMERS/timer.o
 .text          0x00000000        0x0 c:/program files (x86)/atmel/studio/7.0/toolchain/avr8/avr8-gnu-toolchain/bin/../lib/gcc/avr/5.4.0/avr5\libgcc.a(_exit.o)
 .data          0x00000000        0x0 c:/program files (x86)/atmel/studio/7.0/toolchain/avr8/avr8-gnu-toolchain/bin/../lib/gcc/avr/5.4.0/avr5\libgcc.a(_exit.o)
 .bss           0x00000000        0x0 c:/program files (x86)/atmel/studio/7.0/toolchain/avr8/avr8-gnu-toolchain/bin/../lib/gcc/avr/5.4.0/avr5\libgcc.a(_exit.o)
 .text.libgcc.mul
                0x00000000        0x0 c:/program files (x86)/atmel/studio/7.0/toolchain/avr8/avr8-gnu-toolchain/bin/../lib/gcc/avr/5.4.0/avr5\libgcc.a(_exit.o)
 .text.libgcc.div
                0x00000000        0x0 c:/program files (x86)/atmel/studio/7.0/toolchain/avr8/avr8-gnu-toolchain/bin/../lib/gcc/avr/5.4.0/avr5\libgcc.a(_exit.o)
 .text.libgcc   0x00000000        0x0 c:/program files (x86)/atmel/studio/7.0/toolchain/avr8/avr8-gnu-toolchain/bin/../lib/gcc/avr/5.4.0/avr5\libgcc.a(_exit.o)
 .text.libgcc.prologue
                0x00000000        0x0 c:/program files (x86)/atmel/studio/7.0/toolchain/avr8/avr8-gnu-toolchain/bin/../lib/gcc/avr/5.4.0/avr5\libgcc.a(_exit.o)
 .text.libgcc.builtins
                0x00000000        0x0 c:/program files (x86)/atmel/studio/7.0/toolchain/avr8/avr8-gnu-toolchain/bin/../lib/gcc/avr/5.4.0/avr5\libgcc.a(_exit.o)
 .text.libgcc.fmul
                0x00000000        0x0 c:/program files (x86)/atmel/studio/7.0/toolchain/avr8/avr8-gnu-toolchain/bin/../lib/gcc/avr/5.4.0/avr5\libgcc.a(_exit.o)
 .text.libgcc.fixed
                0x00000000        0x0 c:/program files (x86)/atmel/studio/7.0/toolchain/avr8/avr8-gnu-toolchain/bin/../lib/gcc/avr/5.4.0/avr5\libgcc.a(_exit.o)
 .text          0x00000000        0x0 c:/program files (x86)/atmel/studio/7.0/toolchain/avr8/avr8-gnu-toolchain/bin/../lib/gcc/avr/5.4.0/avr5\libgcc.a(_clear_bss.o)
 .data          0x00000000        0x0 c:/program files (x86)/atmel/studio/7.0/toolchain/avr8/avr8-gnu-toolchain/bin/../lib/gcc/avr/5.4.0/avr5\libgcc.a(_clear_bss.o)
 .bss           0x00000000        0x0 c:/program files (x86)/atmel/studio/7.0/toolchain/avr8/avr8-gnu-toolchain/bin/../lib/gcc/avr/5.4.0/avr5\libgcc.a(_clear_bss.o)
 .text.libgcc.mul
                0x00000000        0x0 c:/program files (x86)/atmel/studio/7.0/toolchain/avr8/avr8-gnu-toolchain/bin/../lib/gcc/avr/5.4.0/avr5\libgcc.a(_clear_bss.o)
 .text.libgcc.div
                0x00000000        0x0 c:/program files (x86)/atmel/studio/7.0/toolchain/avr8/avr8-gnu-toolchain/bin/../lib/gcc/avr/5.4.0/avr5\libgcc.a(_clear_bss.o)
 .text.libgcc   0x00000000        0x0 c:/program files (x86)/atmel/studio/7.0/toolchain/avr8/avr8-gnu-toolchain/bin/../lib/gcc/avr/5.4.0/avr5\libgcc.a(_clear_bss.o)
 .text.libgcc.prologue
                0x00000000        0x0 c:/program files (x86)/atmel/studio/7.0/toolchain/avr8/avr8-gnu-toolchain/bin/../lib/gcc/avr/5.4.0/avr5\libgcc.a(_clear_bss.o)
 .text.libgcc.builtins
                0x00000000        0x0 c:/program files (x86)/atmel/studio/7.0/toolchain/avr8/avr8-gnu-toolchain/bin/../lib/gcc/avr/5.4.0/avr5\libgcc.a(_clear_bss.o)
 .text.libgcc.fmul
                0x00000000        0x0 c:/program files (x86)/atmel/studio/7.0/toolchain/avr8/avr8-gnu-toolchain/bin/../lib/gcc/avr/5.4.0/avr5\libgcc.a(_clear_bss.o)
 .text.libgcc.fixed
                0x00000000        0x0 c:/program files (x86)/atmel/studio/7.0/toolchain/avr8/avr8-gnu-toolchain/bin/../lib/gcc/avr/5.4.0/avr5\libgcc.a(_clear_bss.o)

Memory Configuration

Name             Origin             Length             Attributes
text             0x00000000         0x00008000         xr
data             0x00800060         0x00000800         rw !x
eeprom           0x00810000         0x00000400         rw !x
fuse             0x00820000         0x00000002         rw !x
lock             0x00830000         0x00000400         rw !x
signature        0x00840000         0x00000400         rw !x
user_signatures  0x00850000         0x00000400         rw !x
*default*        0x00000000         0xffffffff

Linker script and memory map

LOAD C:/Program Files (x86)/Atmel/Studio/7.0/Packs/atmel/ATmega_DFP/1.7.374/gcc/dev/atmega32a/avr5/crtatmega32a.o
LOAD APP/APP.o
LOAD HAL/BUTTON/BUTTON.o
LOAD HAL/LED/led.o
LOAD main.o
LOAD MCAL/DIO/dio.o
LOAD MCAL/INTERRUPTS/interrupt.o
LOAD MCAL/TIMERS/timer.o
START GROUP
LOAD c:/program files (x86)/atmel/studio/7.0/toolchain/avr8/avr8-gnu-toolchain/bin/../lib/gcc/avr/5.4.0/../../../../avr/lib/avr5\libm.a
END GROUP
START GROUP
LOAD c:/program files (x86)/atmel/studio/7.0/toolchain/avr8/avr8-gnu-toolchain/bin/../lib/gcc/avr/5.4.0/avr5\libgcc.a
LOAD c:/program files (x86)/atmel/studio/7.0/toolchain/avr8/avr8-gnu-toolchain/bin/../lib/gcc/avr/5.4.0/../../../../avr/lib/avr5\libm.a
LOAD c:/program files (x86)/atmel/studio/7.0/toolchain/avr8/avr8-gnu-toolchain/bin/../lib/gcc/avr/5.4.0/../../../../avr/lib/avr5\libc.a
LOAD C:/Program Files (x86)/Atmel/Studio/7.0/Packs/atmel/ATmega_DFP/1.7.374/gcc/dev/atmega32a/avr5\libatmega32a.a
END GROUP
                [0x00000000]                __TEXT_REGION_ORIGIN__ = DEFINED (__TEXT_REGION_ORIGIN__)?__TEXT_REGION_ORIGIN__:0x0
                [0x00800060]                __DATA_REGION_ORIGIN__ = DEFINED (__DATA_REGION_ORIGIN__)?__DATA_REGION_ORIGIN__:0x800060
                [0x00008000]                __TEXT_REGION_LENGTH__ = DEFINED (__TEXT_REGION_LENGTH__)?__TEXT_REGION_LENGTH__:0x20000
                [0x00000800]                __DATA_REGION_LENGTH__ = DEFINED (__DATA_REGION_LENGTH__)?__DATA_REGION_LENGTH__:0xffa0
                [0x00000400]                __EEPROM_REGION_LENGTH__ = DEFINED (__EEPROM_REGION_LENGTH__)?__EEPROM_REGION_LENGTH__:0x10000
                [0x00000002]                __FUSE_REGION_LENGTH__ = DEFINED (__FUSE_REGION_LENGTH__)?__FUSE_REGION_LENGTH__:0x400
                0x00000400                __LOCK_REGION_LENGTH__ = DEFINED (__LOCK_REGION_LENGTH__)?__LOCK_REGION_LENGTH__:0x400
                0x00000400                __SIGNATURE_REGION_LENGTH__ = DEFINED (__SIGNATURE_REGION_LENGTH__)?__SIGNATURE_REGION_LENGTH__:0x400
                0x00000400                __USER_SIGNATURE_REGION_LENGTH__ = DEFINED (__USER_SIGNATURE_REGION_LENGTH__)?__USER_SIGNATURE_REGION_LENGTH__:0x400

.hash
 *(.hash)

.dynsym
 *(.dynsym)

.dynstr
 *(.dynstr)

.gnu.version
 *(.gnu.version)

.gnu.version_d
 *(.gnu.version_d)

.gnu.version_r
 *(.gnu.version_r)

.rel.init
 *(.rel.init)

.rela.init
 *(.rela.init)

.rel.text
 *(.rel.text)
 *(.rel.text.*)
 *(.rel.gnu.linkonce.t*)

.rela.text
 *(.rela.text)
 *(.rela.text.*)
 *(.rela.gnu.linkonce.t*)

.rel.fini
 *(.rel.fini)

.rela.fini
 *(.rela.fini)

.rel.rodata
 *(.rel.rodata)
 *(.rel.rodata.*)
 *(.rel.gnu.linkonce.r*)

.rela.rodata
 *(.rela.rodata)
 *(.rela.rodata.*)
 *(.rela.gnu.linkonce.r*)

.rel.data
 *(.rel.data)
 *(.rel.data.*)
 *(.rel.gnu.linkonce.d*)

.rela.data
 *(.rela.data)
 *(.rela.data.*)
 *(.rela.gnu.linkonce.d*)

.rel.ctors
 *(.rel.ctors)

.rela.ctors
 *(.rela.ctors)

.rel.dtors
 *(.rel.dtors)

.rela.dtors
 *(.rela.dtors)

.rel.got
 *(.rel.got)

.rela.got
 *(.rela.got)

.rel.bss
 *(.rel.bss)

.rela.bss
 *(.rela.bss)

.rel.plt
 *(.rel.plt)

.rela.plt
 *(.rela.plt)

.text           0x00000000      0x626
 *(.vectors)
 .vectors       0x00000000       0x54 C:/Program Files (x86)/Atmel/Studio/7.0/Packs/atmel/ATmega_DFP/1.7.374/gcc/dev/atmega32a/avr5/crtatmega32a.o
                0x00000000                __vector_default
                0x00000000                __vectors
 *(.vectors)
 *(.progmem.gcc*)
                0x00000054                . = ALIGN (0x2)
                0x00000054                __trampolines_start = .
 *(.trampolines)
 .trampolines   0x00000054        0x0 linker stubs
 *(.trampolines*)
                0x00000054                __trampolines_end = .
 *libprintf_flt.a:*(.progmem.data)
 *libc.a:*(.progmem.data)
 *(.progmem*)
                0x00000054                . = ALIGN (0x2)
 *(.jumptables)
 *(.jumptables*)
 *(.lowtext)
 *(.lowtext*)
                0x00000054                __ctors_start = .
 *(.ctors)
                0x00000054                __ctors_end = .
                0x00000054                __dtors_start = .
 *(.dtors)
                0x00000054                __dtors_end = .
 SORT(*)(.ctors)
 SORT(*)(.dtors)
 *(.init0)
 .init0         0x00000054        0x0 C:/Program Files (x86)/Atmel/Studio/7.0/Packs/atmel/ATmega_DFP/1.7.374/gcc/dev/atmega32a/avr5/crtatmega32a.o
                0x00000054                __init
 *(.init0)
 *(.init1)
 *(.init1)
 *(.init2)
 .init2         0x00000054        0xc C:/Program Files (x86)/Atmel/Studio/7.0/Packs/atmel/ATmega_DFP/1.7.374/gcc/dev/atmega32a/avr5/crtatmega32a.o
 *(.init2)
 *(.init3)
 *(.init3)
 *(.init4)
 .init4         0x00000060       0x10 c:/program files (x86)/atmel/studio/7.0/toolchain/avr8/avr8-gnu-toolchain/bin/../lib/gcc/avr/5.4.0/avr5\libgcc.a(_clear_bss.o)
                0x00000060                __do_clear_bss
 *(.init4)
 *(.init5)
 *(.init5)
 *(.init6)
 *(.init6)
 *(.init7)
 *(.init7)
 *(.init8)
 *(.init8)
 *(.init9)
 .init9         0x00000070        0x8 C:/Program Files (x86)/Atmel/Studio/7.0/Packs/atmel/ATmega_DFP/1.7.374/gcc/dev/atmega32a/avr5/crtatmega32a.o
 *(.init9)
 *(.text)
 .text          0x00000078        0x4 C:/Program Files (x86)/Atmel/Studio/7.0/Packs/atmel/ATmega_DFP/1.7.374/gcc/dev/atmega32a/avr5/crtatmega32a.o
                0x00000078                __vector_12
                0x00000078                __bad_interrupt
                0x00000078                __vector_6
                0x00000078                __vector_3
                0x00000078                __vector_13
                0x00000078                __vector_17
                0x00000078                __vector_19
                0x00000078                __vector_7
                0x00000078                __vector_5
                0x00000078                __vector_4
                0x00000078                __vector_9
                0x00000078                __vector_2
                0x00000078                __vector_15
                0x00000078                __vector_8
                0x00000078                __vector_14
                0x00000078                __vector_10
                0x00000078                __vector_16
                0x00000078                __vector_18
                0x00000078                __vector_20
                0x0000007c                . = ALIGN (0x2)
 *(.text.*)
 .text.APP_init
                0x0000007c       0x52 APP/APP.o
                0x0000007c                APP_init
 .text.APP_start
                0x000000ce      0x10a APP/APP.o
                0x000000ce                APP_start
 .text.BUTTON_init
                0x000001d8        0xa HAL/BUTTON/BUTTON.o
                0x000001d8                BUTTON_init
 .text.__vector_1
                0x000001e2       0xa6 HAL/BUTTON/BUTTON.o
                0x000001e2                __vector_1
 .text.LED_init
                0x00000288        0xa HAL/LED/led.o
                0x00000288                LED_init
 .text.LED_on   0x00000292        0xa HAL/LED/led.o
                0x00000292                LED_on
 .text.LED_off  0x0000029c        0xa HAL/LED/led.o
                0x0000029c                LED_off
 .text.LED_toggle
                0x000002a6        0x8 HAL/LED/led.o
                0x000002a6                LED_toggle
 .text.main     0x000002ae        0xa main.o
                0x000002ae                main
 .text.DIO_init
                0x000002b8       0xf2 MCAL/DIO/dio.o
                0x000002b8                DIO_init
 .text.DIO_write
                0x000003aa       0xf2 MCAL/DIO/dio.o
                0x000003aa                DIO_write
 .text.DIO_toggle
                0x0000049c       0x70 MCAL/DIO/dio.o
                0x0000049c                DIO_toggle
 .text.INTERRUPT_global_init
                0x0000050c        0xa MCAL/INTERRUPTS/interrupt.o
                0x0000050c                INTERRUPT_global_init
 .text.INTERRUPT_0_init
                0x00000516       0x16 MCAL/INTERRUPTS/interrupt.o
                0x00000516                INTERRUPT_0_init
 .text.INTERRUPT_T0_ovf_init
                0x0000052c        0xa MCAL/INTERRUPTS/interrupt.o
                0x0000052c                INTERRUPT_T0_ovf_init
 .text.setcallback
                0x00000536        0xa MCAL/TIMERS/timer.o
                0x00000536                setcallback
 .text.TIMER_0_set_init_value
                0x00000540        0x6 MCAL/TIMERS/timer.o
                0x00000540                TIMER_0_set_init_value
 .text.TIMER_0_init
                0x00000546        0xe MCAL/TIMERS/timer.o
                0x00000546                TIMER_0_init
 .text.TIMER_0_start
                0x00000554       0x12 MCAL/TIMERS/timer.o
                0x00000554                TIMER_0_start
 .text.TIMER_0_stop
                0x00000566        0xa MCAL/TIMERS/timer.o
                0x00000566                TIMER_0_stop
 .text.TIMER_0_delay
                0x00000570        0xc MCAL/TIMERS/timer.o
                0x00000570                TIMER_0_delay
 .text.TIMER_reset
                0x0000057c        0xe MCAL/TIMERS/timer.o
                0x0000057c                TIMER_reset
 .text.__vector_11
                0x0000058a       0x98 MCAL/TIMERS/timer.o
                0x0000058a                __vector_11
                0x00000622                . = ALIGN (0x2)
 *(.fini9)
 .fini9         0x00000622        0x0 c:/program files (x86)/atmel/studio/7.0/toolchain/avr8/avr8-gnu-toolchain/bin/../lib/gcc/avr/5.4.0/avr5\libgcc.a(_exit.o)
                0x00000622                _exit
                0x00000622                exit
 *(.fini9)
 *(.fini8)
 *(.fini8)
 *(.fini7)
 *(.fini7)
 *(.fini6)
 *(.fini6)
 *(.fini5)
 *(.fini5)
 *(.fini4)
 *(.fini4)
 *(.fini3)
 *(.fini3)
 *(.fini2)
 *(.fini2)
 *(.fini1)
 *(.fini1)
 *(.fini0)
 .fini0         0x00000622        0x4 c:/program files (x86)/atmel/studio/7.0/toolchain/avr8/avr8-gnu-toolchain/bin/../lib/gcc/avr/5.4.0/avr5\libgcc.a(_exit.o)
 *(.fini0)
                0x00000626                _etext = .

.data           0x00800060        0x0 load address 0x00000626
                [!provide]                PROVIDE (__data_start, .)
 *(.data)
 *(.data*)
 *(.gnu.linkonce.d*)
 *(.rodata)
 *(.rodata*)
 *(.gnu.linkonce.r*)
                0x00800060                . = ALIGN (0x2)
                0x00800060                _edata = .
                [!provide]                PROVIDE (__data_end, .)

.bss            0x00800060        0x5
                0x00800060                PROVIDE (__bss_start, .)
 *(.bss)
 *(.bss*)
 .bss.first_click
                0x00800060        0x1 APP/APP.o
                0x00800060                first_click
 .bss.count     0x00800061        0x1 APP/APP.o
                0x00800061                count
 .bss.callbackvar
                0x00800062        0x2 MCAL/TIMERS/timer.o
 *(COMMON)
 COMMON         0x00800064        0x1 MCAL/TIMERS/timer.o
                0x00800064                ovf
                0x00800065                PROVIDE (__bss_end, .)
                0x00000626                __data_load_start = LOADADDR (.data)
                0x00000626                __data_load_end = (__data_load_start + SIZEOF (.data))

.noinit         0x00800065        0x0
                [!provide]                PROVIDE (__noinit_start, .)
 *(.noinit*)
                [!provide]                PROVIDE (__noinit_end, .)
                0x00800065                _end = .
                [!provide]                PROVIDE (__heap_start, .)

.eeprom         0x00810000        0x0
 *(.eeprom*)
                0x00810000                __eeprom_end = .

.fuse
 *(.fuse)
 *(.lfuse)
 *(.hfuse)
 *(.efuse)

.lock
 *(.lock*)

.signature
 *(.signature*)

.user_signatures
 *(.user_signatures*)

.stab
 *(.stab)

.stabstr
 *(.stabstr)

.stab.excl
 *(.stab.excl)

.stab.exclstr
 *(.stab.exclstr)

.stab.index
 *(.stab.index)

.stab.indexstr
 *(.stab.indexstr)

.comment        0x00000000       0x30
 *(.comment)
 .comment       0x00000000       0x30 APP/APP.o
                                 0x31 (size before relaxing)
 .comment       0x00000030       0x31 HAL/BUTTON/BUTTON.o
 .comment       0x00000030       0x31 HAL/LED/led.o
 .comment       0x00000030       0x31 main.o
 .comment       0x00000030       0x31 MCAL/DIO/dio.o
 .comment       0x00000030       0x31 MCAL/INTERRUPTS/interrupt.o
 .comment       0x00000030       0x31 MCAL/TIMERS/timer.o

.note.gnu.avr.deviceinfo
                0x00000000       0x3c
 .note.gnu.avr.deviceinfo
                0x00000000       0x3c C:/Program Files (x86)/Atmel/Studio/7.0/Packs/atmel/ATmega_DFP/1.7.374/gcc/dev/atmega32a/avr5/crtatmega32a.o

.note.gnu.build-id
 *(.note.gnu.build-id)

.debug
 *(.debug)

.line
 *(.line)

.debug_srcinfo
 *(.debug_srcinfo)

.debug_sfnames
 *(.debug_sfnames)

.debug_aranges  0x00000000      0x170
 *(.debug_aranges)
 .debug_aranges
                0x00000000       0x28 APP/APP.o
 .debug_aranges
                0x00000028       0x30 HAL/BUTTON/BUTTON.o
 .debug_aranges
                0x00000058       0x38 HAL/LED/led.o
 .debug_aranges
                0x00000090       0x20 main.o
 .debug_aranges
                0x000000b0       0x38 MCAL/DIO/dio.o
 .debug_aranges
                0x000000e8       0x30 MCAL/INTERRUPTS/interrupt.o
 .debug_aranges
                0x00000118       0x58 MCAL/TIMERS/timer.o

.debug_pubnames
 *(.debug_pubnames)

.debug_info     0x00000000     0x1429
 *(.debug_info .gnu.linkonce.wi.*)
 .debug_info    0x00000000      0x4e6 C:/Program Files (x86)/Atmel/Studio/7.0/Packs/atmel/ATmega_DFP/1.7.374/gcc/dev/atmega32a/avr5/crtatmega32a.o
 .debug_info    0x000004e6      0x37d APP/APP.o
 .debug_info    0x00000863      0x2cf HAL/BUTTON/BUTTON.o
 .debug_info    0x00000b32      0x25d HAL/LED/led.o
 .debug_info    0x00000d8f       0xc3 main.o
 .debug_info    0x00000e52      0x1f1 MCAL/DIO/dio.o
 .debug_info    0x00001043      0x11d MCAL/INTERRUPTS/interrupt.o
 .debug_info    0x00001160      0x2c9 MCAL/TIMERS/timer.o

.debug_abbrev   0x00000000      0xa1c
 *(.debug_abbrev)
 .debug_abbrev  0x00000000      0x4a3 C:/Program Files (x86)/Atmel/Studio/7.0/Packs/atmel/ATmega_DFP/1.7.374/gcc/dev/atmega32a/avr5/crtatmega32a.o
 .debug_abbrev  0x000004a3       0x98 APP/APP.o
 .debug_abbrev  0x0000053b      0x13f HAL/BUTTON/BUTTON.o
 .debug_abbrev  0x0000067a       0xab HAL/LED/led.o
 .debug_abbrev  0x00000725       0x68 main.o
 .debug_abbrev  0x0000078d       0x9a MCAL/DIO/dio.o
 .debug_abbrev  0x00000827       0x89 MCAL/INTERRUPTS/interrupt.o
 .debug_abbrev  0x000008b0      0x16c MCAL/TIMERS/timer.o

.debug_line     0x00000000      0xa44
 *(.debug_line .debug_line.* .debug_line_end)
 .debug_line    0x00000000      0x116 C:/Program Files (x86)/Atmel/Studio/7.0/Packs/atmel/ATmega_DFP/1.7.374/gcc/dev/atmega32a/avr5/crtatmega32a.o
 .debug_line    0x00000116      0x22f APP/APP.o
 .debug_line    0x00000345      0x171 HAL/BUTTON/BUTTON.o
 .debug_line    0x000004b6       0xfc HAL/LED/led.o
 .debug_line    0x000005b2       0x5b main.o
 .debug_line    0x0000060d      0x1c1 MCAL/DIO/dio.o
 .debug_line    0x000007ce       0xd8 MCAL/INTERRUPTS/interrupt.o
 .debug_line    0x000008a6      0x19e MCAL/TIMERS/timer.o

.debug_frame    0x00000000      0x2ac
 *(.debug_frame)
 .debug_frame   0x00000000       0x34 APP/APP.o
 .debug_frame   0x00000034       0x8c HAL/BUTTON/BUTTON.o
 .debug_frame   0x000000c0       0x54 HAL/LED/led.o
 .debug_frame   0x00000114       0x24 main.o
 .debug_frame   0x00000138       0x54 MCAL/DIO/dio.o
 .debug_frame   0x0000018c       0x44 MCAL/INTERRUPTS/interrupt.o
 .debug_frame   0x000001d0       0xdc MCAL/TIMERS/timer.o

.debug_str      0x00000000      0x62d
 *(.debug_str)
 .debug_str     0x00000000      0x196 C:/Program Files (x86)/Atmel/Studio/7.0/Packs/atmel/ATmega_DFP/1.7.374/gcc/dev/atmega32a/avr5/crtatmega32a.o
 .debug_str     0x00000196      0x205 APP/APP.o
                                0x22c (size before relaxing)
 .debug_str     0x0000039b       0x9d HAL/BUTTON/BUTTON.o
                                0x24e (size before relaxing)
 .debug_str     0x00000438       0x5f HAL/LED/led.o
                                0x202 (size before relaxing)
 .debug_str     0x00000497       0x11 main.o
                                0x18e (size before relaxing)
 .debug_str     0x000004a8       0x80 MCAL/DIO/dio.o
                                0x230 (size before relaxing)
 .debug_str     0x00000528       0x64 MCAL/INTERRUPTS/interrupt.o
                                0x213 (size before relaxing)
 .debug_str     0x0000058c       0xa1 MCAL/TIMERS/timer.o
                                0x258 (size before relaxing)

.debug_loc      0x00000000      0x5df
 *(.debug_loc)
 .debug_loc     0x00000000      0x175 HAL/BUTTON/BUTTON.o
 .debug_loc     0x00000175      0x108 HAL/LED/led.o
 .debug_loc     0x0000027d      0x278 MCAL/DIO/dio.o
 .debug_loc     0x000004f5       0xea MCAL/TIMERS/timer.o

.debug_macinfo
 *(.debug_macinfo)

.debug_weaknames
 *(.debug_weaknames)

.debug_funcnames
 *(.debug_funcnames)

.debug_typenames
 *(.debug_typenames)

.debug_varnames
 *(.debug_varnames)

.debug_pubtypes
 *(.debug_pubtypes)

.debug_ranges   0x00000000      0x100
 *(.debug_ranges)
 .debug_ranges  0x00000000       0x18 APP/APP.o
 .debug_ranges  0x00000018       0x20 HAL/BUTTON/BUTTON.o
 .debug_ranges  0x00000038       0x28 HAL/LED/led.o
 .debug_ranges  0x00000060       0x10 main.o
 .debug_ranges  0x00000070       0x28 MCAL/DIO/dio.o
 .debug_ranges  0x00000098       0x20 MCAL/INTERRUPTS/interrupt.o
 .debug_ranges  0x000000b8       0x48 MCAL/TIMERS/timer.o

.debug_macro
 *(.debug_macro)
OUTPUT(traffic_.elf elf32-avr)
LOAD linker stubs
